******************************************************************************
                  MSP430 Linker PC v16.9.3                     
******************************************************************************
>> Linked Thu Aug 10 20:29:40 2017

OUTPUT FILE NAME:   <radio391.out>
ENTRY POINT SYMBOL: "_c_int00_noinit_noargs_noexit"  address: 0000d3dc


MEMORY CONFIGURATION

         name            origin    length      used     unused   attr    fill
----------------------  --------  ---------  --------  --------  ----  --------
  SFR                   00000000   00000010  00000000  00000010  RWIX
  PERIPHERALS_8BIT      00000010   000000f0  00000000  000000f0  RWIX
  PERIPHERALS_16BIT     00000100   00000100  00000000  00000100  RWIX
  RAM                   00000200   00000200  00000050  000001b0  RWIX
  INFOD                 00001000   00000040  00000000  00000040  RWIX
  INFOC                 00001040   00000040  00000000  00000040  RWIX
  INFOB                 00001080   00000040  00000000  00000040  RWIX
  INFOA                 000010c0   00000040  00000000  00000040  RWIX
  FLASH                 0000c000   00003fde  0000146c  00002b72  RWIX
  BSLSIGNATURE          0000ffde   00000002  00000002  00000000  RWIX  ffff 
  INT00                 0000ffe0   00000002  00000002  00000000  RWIX
  INT01                 0000ffe2   00000002  00000000  00000002  RWIX
  INT02                 0000ffe4   00000002  00000002  00000000  RWIX
  INT03                 0000ffe6   00000002  00000002  00000000  RWIX
  INT04                 0000ffe8   00000002  00000000  00000002  RWIX
  INT05                 0000ffea   00000002  00000002  00000000  RWIX
  INT06                 0000ffec   00000002  00000002  00000000  RWIX
  INT07                 0000ffee   00000002  00000002  00000000  RWIX
  INT08                 0000fff0   00000002  00000002  00000000  RWIX
  INT09                 0000fff2   00000002  00000002  00000000  RWIX
  INT10                 0000fff4   00000002  00000002  00000000  RWIX
  INT11                 0000fff6   00000002  00000002  00000000  RWIX
  INT12                 0000fff8   00000002  00000002  00000000  RWIX
  INT13                 0000fffa   00000002  00000002  00000000  RWIX
  INT14                 0000fffc   00000002  00000002  00000000  RWIX
  RESET                 0000fffe   00000002  00000002  00000000  RWIX


SECTION ALLOCATION MAP

 output                                  attributes/
section   page    origin      length       input sections
--------  ----  ----------  ----------   ----------------
.stack     0    000003b0    00000050     UNINITIALIZED
                  000003b0    00000002     rts430_eabi.lib : boot.obj (.stack)
                  000003b2    0000004e     --HOLE--

.text      0    0000c000    00001458     
                  0000c000    00000480     rts430_eabi.lib : frcdivd.obj (.text:__TI_frcdivd)
                  0000c480    000002e8                     : addd.obj (.text:__mspabi_addd)
                  0000c768    00000260                     : frcaddd.obj (.text:__TI_frcaddd)
                  0000c9c8    00000238                     : divd.obj (.text:__mspabi_divd)
                  0000cc00    00000186     hci.obj (.text:handleKeyPress)
                  0000cd86    000000dc     rts430_eabi.lib : cmpd.obj (.text:__mspabi_cmpd)
                  0000ce62    000000d0     main.obj (.text:main)
                  0000cf32    000000be     rts430_eabi.lib : renormd.obj (.text:__TI_renormd)
                  0000cff0    000000a4     freq_select.obj (.text:freq_set_lin)
                  0000d094    00000074     rts430_eabi.lib : fixdul.obj (.text:__mspabi_fixdul)
                  0000d108    0000005c                     : lsr32.obj (.text:l_lsr_const)
                  0000d164    0000004c                     : lsr16.obj (.text)
                  0000d1b0    0000003e                     : asr32.obj (.text:l_asr_const)
                  0000d1ee    0000003e                     : lsl32.obj (.text:l_lsl_const)
                  0000d22c    0000003e     freq_select.obj (.text:sr_set_units)
                  0000d26a    0000003a     freq_select.obj (.text:sr_set_tens)
                  0000d2a4    0000002e     rts430_eabi.lib : subd.obj (.text:__mspabi_subd)
                  0000d2d2    0000002c                     : asr16.obj (.text)
                  0000d2fe    0000002c                     : lsl16.obj (.text)
                  0000d32a    00000026                     : mult32.obj (.text)
                  0000d350    00000024     freq_select.obj (.text:adc_config)
                  0000d374    00000018     freq_select.obj (.text:direct_set_hunds)
                  0000d38c    00000016     rts430_eabi.lib : div16u.obj (.text)
                  0000d3a2    00000014     freq_select.obj (.text:adc_test)
                  0000d3b6    00000014     rts430_eabi.lib : mult16.obj (.text)
                  0000d3ca    00000012                     : fixdu.obj (.text:__mspabi_fixdu)
                  0000d3dc    00000012                     : boot_special.obj (.text:_c_int00_noinit_noargs_noexit)
                  0000d3ee    00000012                     : lsr32.obj (.text:l_lsr)
                  0000d400    00000010                     : asr32.obj (.text:l_asr)
                  0000d410    00000010                     : lsl32.obj (.text:l_lsl)
                  0000d420    00000010                     : epilog.obj (.text)
                  0000d430    0000000e     freq_select.obj (.text:sr_clear_all)
                  0000d43e    00000008     main.obj (.text:ADC10_ISR)
                  0000d446    00000008     rts430_eabi.lib : isr_trap.obj (.text:_isr:__TI_ISR_TRAP)
                  0000d44e    00000006                     : exit.obj (.text:abort)
                  0000d454    00000004                     : pre_init.obj (.text:_system_pre_init)

.cinit     0    0000c000    00000000     UNINITIALIZED

.binit     0    0000c000    00000000     

.const     0    0000d458    00000014     
                  0000d458    00000014     freq_select.obj (.const:div2bin$2)

.init_array 
*          0    0000c000    00000000     UNINITIALIZED

TRAPINT    0    0000ffe0    00000002     
                  0000ffe0    00000002     rts430_eabi.lib : int00.obj (.int00)

PORT1      0    0000ffe4    00000002     
                  0000ffe4    00000002     rts430_eabi.lib : int02.obj (.int02)

PORT2      0    0000ffe6    00000002     
                  0000ffe6    00000002     rts430_eabi.lib : int03.obj (.int03)

$fill000   0    0000ffde    00000002     
                  0000ffde    00000002     --HOLE-- [fill = ffff]

ADC10      0    0000ffea    00000002     
                  0000ffea    00000002     main.obj (.int05)

USCIAB0TX 
*          0    0000ffec    00000002     
                  0000ffec    00000002     rts430_eabi.lib : int06.obj (.int06)

USCIAB0RX 
*          0    0000ffee    00000002     
                  0000ffee    00000002     rts430_eabi.lib : int07.obj (.int07)

TIMER0_A1 
*          0    0000fff0    00000002     
                  0000fff0    00000002     rts430_eabi.lib : int08.obj (.int08)

TIMER0_A0 
*          0    0000fff2    00000002     
                  0000fff2    00000002     rts430_eabi.lib : int09.obj (.int09)

WDT        0    0000fff4    00000002     
                  0000fff4    00000002     rts430_eabi.lib : int10.obj (.int10)

COMPARATORA 
*          0    0000fff6    00000002     
                  0000fff6    00000002     rts430_eabi.lib : int11.obj (.int11)

TIMER1_A1 
*          0    0000fff8    00000002     
                  0000fff8    00000002     rts430_eabi.lib : int12.obj (.int12)

TIMER1_A0 
*          0    0000fffa    00000002     
                  0000fffa    00000002     rts430_eabi.lib : int13.obj (.int13)

NMI        0    0000fffc    00000002     
                  0000fffc    00000002     rts430_eabi.lib : int14.obj (.int14)

.reset     0    0000fffe    00000002     
                  0000fffe    00000002     rts430_eabi.lib : boot.obj (.reset)

MODULE SUMMARY

       Module             code   ro data   rw data
       ------             ----   -------   -------
    .\
       freq_select.obj    378    20        0      
       hci.obj            390    0         0      
       main.obj           216    2         0      
    +--+------------------+------+---------+---------+
       Total:             984    22        0      
                                                  
    C:\ti\ccsv7\tools\compiler\ti-cgt-msp430_16.9.3.LTS\lib\rts430_eabi.lib
       frcdivd.obj        1152   0         0      
       addd.obj           744    0         0      
       frcaddd.obj        608    0         0      
       divd.obj           568    0         0      
       cmpd.obj           220    0         0      
       renormd.obj        190    0         0      
       fixdul.obj         116    0         0      
       lsr32.obj          110    0         0      
       asr32.obj          78     0         0      
       lsl32.obj          78     0         0      
       lsr16.obj          76     0         0      
       subd.obj           46     0         0      
       asr16.obj          44     0         0      
       lsl16.obj          44     0         0      
       mult32.obj         38     0         0      
       div16u.obj         22     0         0      
       mult16.obj         20     0         0      
       boot_special.obj   18     0         0      
       fixdu.obj          18     0         0      
       epilog.obj         16     0         0      
       isr_trap.obj       8      0         0      
       exit.obj           6      0         0      
       pre_init.obj       4      0         0      
       boot.obj           0      2         0      
       int00.obj          0      2         0      
       int02.obj          0      2         0      
       int03.obj          0      2         0      
       int06.obj          0      2         0      
       int07.obj          0      2         0      
       int08.obj          0      2         0      
       int09.obj          0      2         0      
       int10.obj          0      2         0      
       int11.obj          0      2         0      
       int12.obj          0      2         0      
       int13.obj          0      2         0      
       int14.obj          0      2         0      
    +--+------------------+------+---------+---------+
       Total:             4224   26        0      
                                                  
       Stack:             0      0         80     
    +--+------------------+------+---------+---------+
       Grand Total:       5208   48        80     


GLOBAL SYMBOLS: SORTED ALPHABETICALLY BY Name 

address   name                         
-------   ----                         
0000004a  ADC10AE0                     
000001b0  ADC10CTL0                    
000001b2  ADC10CTL1                    
00000048  ADC10DTC0                    
00000049  ADC10DTC1                    
000001b4  ADC10MEM                     
000001bc  ADC10SA                      
0000d43e  ADC10_ISR                    
00000057  BCSCTL1                      
00000058  BCSCTL2                      
00000053  BCSCTL3                      
0000d44e  C$$EXIT                      
00000059  CACTL1                       
0000005a  CACTL2                       
000010fb  CALBC1_12MHZ                 
000010f9  CALBC1_16MHZ                 
000010ff  CALBC1_1MHZ                  
000010fd  CALBC1_8MHZ                  
000010fa  CALDCO_12MHZ                 
000010f8  CALDCO_16MHZ                 
000010fe  CALDCO_1MHZ                  
000010fc  CALDCO_8MHZ                  
0000005b  CAPD                         
00000056  DCOCTL                       
00000128  FCTL1                        
0000012a  FCTL2                        
0000012c  FCTL3                        
00000000  IE1                          
00000001  IE2                          
00000002  IFG1                         
00000003  IFG2                         
00000022  P1DIR                        
00000025  P1IE                         
00000024  P1IES                        
00000023  P1IFG                        
00000020  P1IN                         
00000021  P1OUT                        
00000027  P1REN                        
00000026  P1SEL                        
00000041  P1SEL2                       
0000002a  P2DIR                        
0000002d  P2IE                         
0000002c  P2IES                        
0000002b  P2IFG                        
00000028  P2IN                         
00000029  P2OUT                        
0000002f  P2REN                        
0000002e  P2SEL                        
00000042  P2SEL2                       
0000001a  P3DIR                        
00000018  P3IN                         
00000019  P3OUT                        
00000010  P3REN                        
0000001b  P3SEL                        
00000043  P3SEL2                       
00000172  TA0CCR0                      
00000174  TA0CCR1                      
00000176  TA0CCR2                      
00000162  TA0CCTL0                     
00000164  TA0CCTL1                     
00000166  TA0CCTL2                     
00000160  TA0CTL                       
0000012e  TA0IV                        
00000170  TA0R                         
00000192  TA1CCR0                      
00000194  TA1CCR1                      
00000196  TA1CCR2                      
00000182  TA1CCTL0                     
00000184  TA1CCTL1                     
00000186  TA1CCTL2                     
00000180  TA1CTL                       
0000011e  TA1IV                        
00000190  TA1R                         
000010db  TLV_ADC10_1_LEN              
000010da  TLV_ADC10_1_TAG              
000010c0  TLV_CHECKSUM                 
000010f7  TLV_DCO_30_LEN               
000010f6  TLV_DCO_30_TAG               
0000005d  UCA0ABCTL                    
00000062  UCA0BR0                      
00000063  UCA0BR1                      
00000060  UCA0CTL0                     
00000061  UCA0CTL1                     
0000005f  UCA0IRRCTL                   
0000005e  UCA0IRTCTL                   
00000064  UCA0MCTL                     
00000066  UCA0RXBUF                    
00000065  UCA0STAT                     
00000067  UCA0TXBUF                    
0000006a  UCB0BR0                      
0000006b  UCB0BR1                      
00000068  UCB0CTL0                     
00000069  UCB0CTL1                     
0000006c  UCB0I2CIE                    
00000118  UCB0I2COA                    
0000011a  UCB0I2CSA                    
0000006e  UCB0RXBUF                    
0000006d  UCB0STAT                     
0000006f  UCB0TXBUF                    
00000120  WDTCTL                       
00000400  __STACK_END                  
00000050  __STACK_SIZE                 
0000d446  __TI_ISR_TRAP                
0000c768  __TI_frcaddd                 
0000c000  __TI_frcdivd                 
0000ffe0  __TI_int00                   
0000ffe4  __TI_int02                   
0000ffe6  __TI_int03                   
0000ffea  __TI_int05                   
0000ffec  __TI_int06                   
0000ffee  __TI_int07                   
0000fff0  __TI_int08                   
0000fff2  __TI_int09                   
0000fff4  __TI_int10                   
0000fff6  __TI_int11                   
0000fff8  __TI_int12                   
0000fffa  __TI_int13                   
0000fffc  __TI_int14                   
ffffffff  __TI_pprof_out_hndl          
ffffffff  __TI_prof_data_size          
ffffffff  __TI_prof_data_start         
0000cf32  __TI_renormd                 
ffffffff  __c_args__                   
0000c480  __mspabi_addd                
0000cd86  __mspabi_cmpd                
0000c9c8  __mspabi_divd                
0000d38c  __mspabi_divu                
0000d3ca  __mspabi_fixdu               
0000d094  __mspabi_fixdul              
0000d42c  __mspabi_func_epilog_1       
0000d42a  __mspabi_func_epilog_2       
0000d428  __mspabi_func_epilog_3       
0000d426  __mspabi_func_epilog_4       
0000d424  __mspabi_func_epilog_5       
0000d422  __mspabi_func_epilog_6       
0000d420  __mspabi_func_epilog_7       
0000d3b6  __mspabi_mpyi                
0000d3b6  __mspabi_mpyi_sw             
0000d32a  __mspabi_mpyl                
0000d32a  __mspabi_mpyl_sw             
0000d38c  __mspabi_remu                
0000d2fe  __mspabi_slli                
0000d326  __mspabi_slli_1              
0000d314  __mspabi_slli_10             
0000d312  __mspabi_slli_11             
0000d310  __mspabi_slli_12             
0000d30e  __mspabi_slli_13             
0000d30c  __mspabi_slli_14             
0000d30a  __mspabi_slli_15             
0000d324  __mspabi_slli_2              
0000d322  __mspabi_slli_3              
0000d320  __mspabi_slli_4              
0000d31e  __mspabi_slli_5              
0000d31c  __mspabi_slli_6              
0000d31a  __mspabi_slli_7              
0000d318  __mspabi_slli_8              
0000d316  __mspabi_slli_9              
0000d410  __mspabi_slll                
0000d226  __mspabi_slll_1              
0000d202  __mspabi_slll_10             
0000d1fe  __mspabi_slll_11             
0000d1fa  __mspabi_slll_12             
0000d1f6  __mspabi_slll_13             
0000d1f2  __mspabi_slll_14             
0000d1ee  __mspabi_slll_15             
0000d222  __mspabi_slll_2              
0000d21e  __mspabi_slll_3              
0000d21a  __mspabi_slll_4              
0000d216  __mspabi_slll_5              
0000d212  __mspabi_slll_6              
0000d20e  __mspabi_slll_7              
0000d20a  __mspabi_slll_8              
0000d206  __mspabi_slll_9              
0000d2d2  __mspabi_srai                
0000d2fa  __mspabi_srai_1              
0000d2e8  __mspabi_srai_10             
0000d2e6  __mspabi_srai_11             
0000d2e4  __mspabi_srai_12             
0000d2e2  __mspabi_srai_13             
0000d2e0  __mspabi_srai_14             
0000d2de  __mspabi_srai_15             
0000d2f8  __mspabi_srai_2              
0000d2f6  __mspabi_srai_3              
0000d2f4  __mspabi_srai_4              
0000d2f2  __mspabi_srai_5              
0000d2f0  __mspabi_srai_6              
0000d2ee  __mspabi_srai_7              
0000d2ec  __mspabi_srai_8              
0000d2ea  __mspabi_srai_9              
0000d400  __mspabi_sral                
0000d1e8  __mspabi_sral_1              
0000d1c4  __mspabi_sral_10             
0000d1c0  __mspabi_sral_11             
0000d1bc  __mspabi_sral_12             
0000d1b8  __mspabi_sral_13             
0000d1b4  __mspabi_sral_14             
0000d1b0  __mspabi_sral_15             
0000d1e4  __mspabi_sral_2              
0000d1e0  __mspabi_sral_3              
0000d1dc  __mspabi_sral_4              
0000d1d8  __mspabi_sral_5              
0000d1d4  __mspabi_sral_6              
0000d1d0  __mspabi_sral_7              
0000d1cc  __mspabi_sral_8              
0000d1c8  __mspabi_sral_9              
0000d164  __mspabi_srli                
0000d1aa  __mspabi_srli_1              
0000d186  __mspabi_srli_10             
0000d182  __mspabi_srli_11             
0000d17e  __mspabi_srli_12             
0000d17a  __mspabi_srli_13             
0000d176  __mspabi_srli_14             
0000d172  __mspabi_srli_15             
0000d1a6  __mspabi_srli_2              
0000d1a2  __mspabi_srli_3              
0000d19e  __mspabi_srli_4              
0000d19a  __mspabi_srli_5              
0000d196  __mspabi_srli_6              
0000d192  __mspabi_srli_7              
0000d18e  __mspabi_srli_8              
0000d18a  __mspabi_srli_9              
0000d3ee  __mspabi_srll                
0000d15c  __mspabi_srll_1              
0000d126  __mspabi_srll_10             
0000d120  __mspabi_srll_11             
0000d11a  __mspabi_srll_12             
0000d114  __mspabi_srll_13             
0000d10e  __mspabi_srll_14             
0000d108  __mspabi_srll_15             
0000d156  __mspabi_srll_2              
0000d150  __mspabi_srll_3              
0000d14a  __mspabi_srll_4              
0000d144  __mspabi_srll_5              
0000d13e  __mspabi_srll_6              
0000d138  __mspabi_srll_7              
0000d132  __mspabi_srll_8              
0000d12c  __mspabi_srll_9              
0000d2a4  __mspabi_subd                
0000d3dc  _c_int00_noinit_noargs_noexit
0000fffe  _reset_vector                
000003b0  _stack                       
0000d454  _system_pre_init             
0000d44e  abort                        
0000d350  adc_config                   
0000d3a2  adc_test                     
0000d374  direct_set_hunds             
0000d374  freq_set_hunds               
0000cff0  freq_set_lin                 
0000d26a  freq_set_tens                
0000d22c  freq_set_units               
0000cc00  handleKeyPress               
0000ce62  main                         
0000d430  sr_clear_all                 
0000d26a  sr_set_tens                  
0000d22c  sr_set_units                 


GLOBAL SYMBOLS: SORTED BY Symbol Address 

address   name                         
-------   ----                         
00000000  IE1                          
00000001  IE2                          
00000002  IFG1                         
00000003  IFG2                         
00000010  P3REN                        
00000018  P3IN                         
00000019  P3OUT                        
0000001a  P3DIR                        
0000001b  P3SEL                        
00000020  P1IN                         
00000021  P1OUT                        
00000022  P1DIR                        
00000023  P1IFG                        
00000024  P1IES                        
00000025  P1IE                         
00000026  P1SEL                        
00000027  P1REN                        
00000028  P2IN                         
00000029  P2OUT                        
0000002a  P2DIR                        
0000002b  P2IFG                        
0000002c  P2IES                        
0000002d  P2IE                         
0000002e  P2SEL                        
0000002f  P2REN                        
00000041  P1SEL2                       
00000042  P2SEL2                       
00000043  P3SEL2                       
00000048  ADC10DTC0                    
00000049  ADC10DTC1                    
0000004a  ADC10AE0                     
00000050  __STACK_SIZE                 
00000053  BCSCTL3                      
00000056  DCOCTL                       
00000057  BCSCTL1                      
00000058  BCSCTL2                      
00000059  CACTL1                       
0000005a  CACTL2                       
0000005b  CAPD                         
0000005d  UCA0ABCTL                    
0000005e  UCA0IRTCTL                   
0000005f  UCA0IRRCTL                   
00000060  UCA0CTL0                     
00000061  UCA0CTL1                     
00000062  UCA0BR0                      
00000063  UCA0BR1                      
00000064  UCA0MCTL                     
00000065  UCA0STAT                     
00000066  UCA0RXBUF                    
00000067  UCA0TXBUF                    
00000068  UCB0CTL0                     
00000069  UCB0CTL1                     
0000006a  UCB0BR0                      
0000006b  UCB0BR1                      
0000006c  UCB0I2CIE                    
0000006d  UCB0STAT                     
0000006e  UCB0RXBUF                    
0000006f  UCB0TXBUF                    
00000118  UCB0I2COA                    
0000011a  UCB0I2CSA                    
0000011e  TA1IV                        
00000120  WDTCTL                       
00000128  FCTL1                        
0000012a  FCTL2                        
0000012c  FCTL3                        
0000012e  TA0IV                        
00000160  TA0CTL                       
00000162  TA0CCTL0                     
00000164  TA0CCTL1                     
00000166  TA0CCTL2                     
00000170  TA0R                         
00000172  TA0CCR0                      
00000174  TA0CCR1                      
00000176  TA0CCR2                      
00000180  TA1CTL                       
00000182  TA1CCTL0                     
00000184  TA1CCTL1                     
00000186  TA1CCTL2                     
00000190  TA1R                         
00000192  TA1CCR0                      
00000194  TA1CCR1                      
00000196  TA1CCR2                      
000001b0  ADC10CTL0                    
000001b2  ADC10CTL1                    
000001b4  ADC10MEM                     
000001bc  ADC10SA                      
000003b0  _stack                       
00000400  __STACK_END                  
000010c0  TLV_CHECKSUM                 
000010da  TLV_ADC10_1_TAG              
000010db  TLV_ADC10_1_LEN              
000010f6  TLV_DCO_30_TAG               
000010f7  TLV_DCO_30_LEN               
000010f8  CALDCO_16MHZ                 
000010f9  CALBC1_16MHZ                 
000010fa  CALDCO_12MHZ                 
000010fb  CALBC1_12MHZ                 
000010fc  CALDCO_8MHZ                  
000010fd  CALBC1_8MHZ                  
000010fe  CALDCO_1MHZ                  
000010ff  CALBC1_1MHZ                  
0000c000  __TI_frcdivd                 
0000c480  __mspabi_addd                
0000c768  __TI_frcaddd                 
0000c9c8  __mspabi_divd                
0000cc00  handleKeyPress               
0000cd86  __mspabi_cmpd                
0000ce62  main                         
0000cf32  __TI_renormd                 
0000cff0  freq_set_lin                 
0000d094  __mspabi_fixdul              
0000d108  __mspabi_srll_15             
0000d10e  __mspabi_srll_14             
0000d114  __mspabi_srll_13             
0000d11a  __mspabi_srll_12             
0000d120  __mspabi_srll_11             
0000d126  __mspabi_srll_10             
0000d12c  __mspabi_srll_9              
0000d132  __mspabi_srll_8              
0000d138  __mspabi_srll_7              
0000d13e  __mspabi_srll_6              
0000d144  __mspabi_srll_5              
0000d14a  __mspabi_srll_4              
0000d150  __mspabi_srll_3              
0000d156  __mspabi_srll_2              
0000d15c  __mspabi_srll_1              
0000d164  __mspabi_srli                
0000d172  __mspabi_srli_15             
0000d176  __mspabi_srli_14             
0000d17a  __mspabi_srli_13             
0000d17e  __mspabi_srli_12             
0000d182  __mspabi_srli_11             
0000d186  __mspabi_srli_10             
0000d18a  __mspabi_srli_9              
0000d18e  __mspabi_srli_8              
0000d192  __mspabi_srli_7              
0000d196  __mspabi_srli_6              
0000d19a  __mspabi_srli_5              
0000d19e  __mspabi_srli_4              
0000d1a2  __mspabi_srli_3              
0000d1a6  __mspabi_srli_2              
0000d1aa  __mspabi_srli_1              
0000d1b0  __mspabi_sral_15             
0000d1b4  __mspabi_sral_14             
0000d1b8  __mspabi_sral_13             
0000d1bc  __mspabi_sral_12             
0000d1c0  __mspabi_sral_11             
0000d1c4  __mspabi_sral_10             
0000d1c8  __mspabi_sral_9              
0000d1cc  __mspabi_sral_8              
0000d1d0  __mspabi_sral_7              
0000d1d4  __mspabi_sral_6              
0000d1d8  __mspabi_sral_5              
0000d1dc  __mspabi_sral_4              
0000d1e0  __mspabi_sral_3              
0000d1e4  __mspabi_sral_2              
0000d1e8  __mspabi_sral_1              
0000d1ee  __mspabi_slll_15             
0000d1f2  __mspabi_slll_14             
0000d1f6  __mspabi_slll_13             
0000d1fa  __mspabi_slll_12             
0000d1fe  __mspabi_slll_11             
0000d202  __mspabi_slll_10             
0000d206  __mspabi_slll_9              
0000d20a  __mspabi_slll_8              
0000d20e  __mspabi_slll_7              
0000d212  __mspabi_slll_6              
0000d216  __mspabi_slll_5              
0000d21a  __mspabi_slll_4              
0000d21e  __mspabi_slll_3              
0000d222  __mspabi_slll_2              
0000d226  __mspabi_slll_1              
0000d22c  freq_set_units               
0000d22c  sr_set_units                 
0000d26a  freq_set_tens                
0000d26a  sr_set_tens                  
0000d2a4  __mspabi_subd                
0000d2d2  __mspabi_srai                
0000d2de  __mspabi_srai_15             
0000d2e0  __mspabi_srai_14             
0000d2e2  __mspabi_srai_13             
0000d2e4  __mspabi_srai_12             
0000d2e6  __mspabi_srai_11             
0000d2e8  __mspabi_srai_10             
0000d2ea  __mspabi_srai_9              
0000d2ec  __mspabi_srai_8              
0000d2ee  __mspabi_srai_7              
0000d2f0  __mspabi_srai_6              
0000d2f2  __mspabi_srai_5              
0000d2f4  __mspabi_srai_4              
0000d2f6  __mspabi_srai_3              
0000d2f8  __mspabi_srai_2              
0000d2fa  __mspabi_srai_1              
0000d2fe  __mspabi_slli                
0000d30a  __mspabi_slli_15             
0000d30c  __mspabi_slli_14             
0000d30e  __mspabi_slli_13             
0000d310  __mspabi_slli_12             
0000d312  __mspabi_slli_11             
0000d314  __mspabi_slli_10             
0000d316  __mspabi_slli_9              
0000d318  __mspabi_slli_8              
0000d31a  __mspabi_slli_7              
0000d31c  __mspabi_slli_6              
0000d31e  __mspabi_slli_5              
0000d320  __mspabi_slli_4              
0000d322  __mspabi_slli_3              
0000d324  __mspabi_slli_2              
0000d326  __mspabi_slli_1              
0000d32a  __mspabi_mpyl                
0000d32a  __mspabi_mpyl_sw             
0000d350  adc_config                   
0000d374  direct_set_hunds             
0000d374  freq_set_hunds               
0000d38c  __mspabi_divu                
0000d38c  __mspabi_remu                
0000d3a2  adc_test                     
0000d3b6  __mspabi_mpyi                
0000d3b6  __mspabi_mpyi_sw             
0000d3ca  __mspabi_fixdu               
0000d3dc  _c_int00_noinit_noargs_noexit
0000d3ee  __mspabi_srll                
0000d400  __mspabi_sral                
0000d410  __mspabi_slll                
0000d420  __mspabi_func_epilog_7       
0000d422  __mspabi_func_epilog_6       
0000d424  __mspabi_func_epilog_5       
0000d426  __mspabi_func_epilog_4       
0000d428  __mspabi_func_epilog_3       
0000d42a  __mspabi_func_epilog_2       
0000d42c  __mspabi_func_epilog_1       
0000d430  sr_clear_all                 
0000d43e  ADC10_ISR                    
0000d446  __TI_ISR_TRAP                
0000d44e  C$$EXIT                      
0000d44e  abort                        
0000d454  _system_pre_init             
0000ffe0  __TI_int00                   
0000ffe4  __TI_int02                   
0000ffe6  __TI_int03                   
0000ffea  __TI_int05                   
0000ffec  __TI_int06                   
0000ffee  __TI_int07                   
0000fff0  __TI_int08                   
0000fff2  __TI_int09                   
0000fff4  __TI_int10                   
0000fff6  __TI_int11                   
0000fff8  __TI_int12                   
0000fffa  __TI_int13                   
0000fffc  __TI_int14                   
0000fffe  _reset_vector                
ffffffff  __TI_pprof_out_hndl          
ffffffff  __TI_prof_data_size          
ffffffff  __TI_prof_data_start         
ffffffff  __c_args__                   

[255 symbols]
